# execution: fee_drag_grid.py

## stdout
{
  "n_configs": 27,
  "baseline_net_sharpe": -0.33669791255590165,
  "best": {
    "name": "rb3_e10_x20_b0.25",
    "net_sharpe": 1.6105040178162162,
    "gross_sharpe": 1.8026443159688388,
    "oos_net_sharpe": -0.12171593679178,
    "ann_turnover": 37.63794653336036
  },
  "top_5": [
    {
      "name": "rb3_e10_x20_b0.25",
      "net": 1.6105040178162162,
      "gross": 1.8026443159688388,
      "oos": -0.12171593679178,
      "to": 37.63794653336036
    },
    {
      "name": "rb3_e08_x15_b0.25",
      "net": 1.559115891450019,
      "gross": 1.7567167312379948,
      "oos": 0.10333680124495642,
      "to": 40.94170929427652
    },
    {
      "name": "rb3_e10_x20_b0.5",
      "net": 1.5039240176645807,
      "gross": 1.824272508564381,
      "oos": -0.6571241620087699,
      "to": 69.25281504250145
    },
    {
      "name": "rb3_none_b0.25",
      "net": 1.4842788585442799,
      "gross": 1.7035490153369217,
      "oos": -0.0827772295688447,
      "to": 44.02538369238509
    },
    {
      "name": "rb3_e08_x15_b0.5",
      "net": 1.4150167916424863,
      "gross": 1.7353921543239155,
      "oos": -0.2704142122368239,
      "to": 75.99257427361916
    }
  ]
}


## stderr


